// Jest Snapshot v1, https://goo.gl/fbAQLP

exports[`should render expenselist item with provided expense 1`] = `
<div>
  <Link
    replace={false}
    to="/edit/2"
  >
    <h3>
       
      rent2
    </h3>
  </Link>
  <p>
    50
     - 
    10
  </p>
  <button
    onClick={[Function]}
  >
    Remove
  </button>
</div>
`;
