// Jest Snapshot v1, https://goo.gl/fbAQLP

exports[`should render login Page 1`] = `
<div
  className="loginPage"
>
  <button
    className="loginPage-btn"
  >
    Login 
  </button>
</div>
`;
