// Jest Snapshot v1, https://goo.gl/fbAQLP

exports[`should render Expense NotFoundPage   1`] = `
<div>
  404! - 
  <Link
    replace={false}
    to="/"
  >
     go home 
  </Link>
</div>
`;
